// Jest Snapshot v1, https://goo.gl/fbAQLP

exports[`renders with gifs 1`] = `
<div
  style={
    Object {
      "width": 830,
    }
  }
>
  <div
    className="ReactVirtualized__Masonry"
    onScroll={[Function]}
    role="grid"
    style={
      Object {
        "WebkitOverflowScrolling": "touch",
        "boxSizing": "border-box",
        "direction": "ltr",
        "height": "auto",
        "overflowX": "hidden",
        "overflowY": "hidden",
        "position": "relative",
        "width": 1024,
        "willChange": "transform",
      }
    }
    tabIndex={0}
  >
    <div
      className="ReactVirtualized__Masonry__innerScrollContainer"
      style={
        Object {
          "height": 60,
          "maxHeight": 60,
          "maxWidth": "100%",
          "overflow": "hidden",
          "pointerEvents": "",
          "position": "relative",
          "width": "100%",
        }
      }
    >
      <div
        className="gif-container"
        style={
          Object {
            "height": 0,
            "left": 630,
            "position": "absolute",
            "top": 0,
            "width": 200,
          }
        }
      >
        <a
          className="gif-container-link"
          href="/gif/RB46T9ysjzDEs"
          onClick={[Function]}
        >
          <picture>
            <source
              srcSet="https://media3.giphy.com/media/RB46T9ysjzDEs/200w.webp?cid=b430c6c65d1fd5ab4235317a36bfbd7c&rid=200w.webp"
              type="image/webp"
            />
            <img
              alt="i love you GIF"
              height="160"
              src="https://media3.giphy.com/media/RB46T9ysjzDEs/200w.gif?cid=b430c6c65d1fd5ab4235317a36bfbd7c&rid=200w.gif"
              style={
                Object {
                  "backgroundColor": "rgb(153, 251, 255)",
                }
              }
              width="200"
            />
          </picture>
          <div
            className="hover-overlay"
          >
            <h4
              className="gif-title"
            >
              i love you GIF
            </h4>
            <span
              className="gif-time"
            >
              3 years ago
            </span>
          </div>
        </a>
      </div>
      <div
        className="gif-container"
        style={
          Object {
            "height": 0,
            "left": 420,
            "position": "absolute",
            "top": 0,
            "width": 200,
          }
        }
      >
        <a
          className="gif-container-link"
          href="/gif/1qfb3aFqldWklPQwS3"
          onClick={[Function]}
        >
          <picture>
            <source
              srcSet="https://media1.giphy.com/media/1qfb3aFqldWklPQwS3/200w.webp?cid=b430c6c65d1fd5ab4235317a36bfbd7c&rid=200w.webp"
              type="image/webp"
            />
            <img
              alt="michael buble love GIF by bubly"
              height="150"
              src="https://media1.giphy.com/media/1qfb3aFqldWklPQwS3/200w.gif?cid=b430c6c65d1fd5ab4235317a36bfbd7c&rid=200w.gif"
              style={
                Object {
                  "backgroundColor": "rgb(255, 243, 92)",
                }
              }
              width="200"
            />
          </picture>
          <div
            className="hover-overlay"
          >
            <h4
              className="gif-title"
            >
              michael buble love GIF by bubly
            </h4>
            <span
              className="gif-time"
            >
              5 months ago
            </span>
          </div>
        </a>
      </div>
      <div
        className="gif-container"
        style={
          Object {
            "height": 0,
            "left": 210,
            "position": "absolute",
            "top": 0,
            "width": 200,
          }
        }
      >
        <a
          className="gif-container-link"
          href="/gif/l4pTdcifPZLpDjL1e"
          onClick={[Function]}
        >
          <picture>
            <source
              srcSet="https://media0.giphy.com/media/l4pTdcifPZLpDjL1e/200w.webp?cid=b430c6c65d1fd5ab4235317a36bfbd7c&rid=200w.webp"
              type="image/webp"
            />
            <img
              alt="valentines day love GIF by Chibird"
              height="200"
              src="https://media0.giphy.com/media/l4pTdcifPZLpDjL1e/200w.gif?cid=b430c6c65d1fd5ab4235317a36bfbd7c&rid=200w.gif"
              style={
                Object {
                  "backgroundColor": "rgb(255, 102, 102)",
                }
              }
              width="200"
            />
          </picture>
          <div
            className="hover-overlay"
          >
            <h4
              className="gif-title"
            >
              valentines day love GIF by Chibird
            </h4>
            <span
              className="gif-time"
            >
              a year ago
            </span>
          </div>
        </a>
      </div>
      <div
        className="gif-container"
        style={
          Object {
            "height": 0,
            "left": 0,
            "position": "absolute",
            "top": 0,
            "width": 200,
          }
        }
      >
        <a
          className="gif-container-link"
          href="/gif/H3qWY13eGZUomKxOs6"
          onClick={[Function]}
        >
          <picture>
            <source
              srcSet="https://media0.giphy.com/media/H3qWY13eGZUomKxOs6/200w.webp?cid=b430c6c65d1fd5ab4235317a36bfbd7c&rid=200w.webp"
              type="image/webp"
            />
            <img
              alt=""
              height="111"
              src="https://media0.giphy.com/media/H3qWY13eGZUomKxOs6/200w.gif?cid=b430c6c65d1fd5ab4235317a36bfbd7c&rid=200w.gif"
              style={
                Object {
                  "backgroundColor": "rgb(153, 251, 255)",
                }
              }
              width="200"
            />
          </picture>
          <div
            className="hover-overlay"
          >
            <h4
              className="gif-title"
            >
              
            </h4>
            <span
              className="gif-time"
            >
              3 hours ago
            </span>
          </div>
        </a>
      </div>
      <div
        className="gif-container"
        style={
          Object {
            "height": 0,
            "left": 0,
            "position": "absolute",
            "top": 10,
            "width": 200,
          }
        }
      >
        <a
          className="gif-container-link"
          href="/gif/XbxZ41fWLeRECPsGIJ"
          onClick={[Function]}
        >
          <picture>
            <source
              srcSet="https://media1.giphy.com/media/XbxZ41fWLeRECPsGIJ/200w.webp?cid=b430c6c65d1fd5ab4235317a36bfbd7c&rid=200w.webp"
              type="image/webp"
            />
            <img
              alt="happy i like it GIF"
              height="201"
              src="https://media1.giphy.com/media/XbxZ41fWLeRECPsGIJ/200w.gif?cid=b430c6c65d1fd5ab4235317a36bfbd7c&rid=200w.gif"
              style={
                Object {
                  "backgroundColor": "rgb(255, 102, 102)",
                }
              }
              width="200"
            />
          </picture>
          <div
            className="hover-overlay"
          >
            <h4
              className="gif-title"
            >
              happy i like it GIF
            </h4>
            <span
              className="gif-time"
            >
              a month ago
            </span>
          </div>
        </a>
      </div>
      <div
        className="gif-container"
        style={
          Object {
            "height": 0,
            "left": 210,
            "position": "absolute",
            "top": 10,
            "width": 200,
          }
        }
      >
        <a
          className="gif-container-link"
          href="/gif/BlVnrxJgTGsUw"
          onClick={[Function]}
        >
          <picture>
            <source
              srcSet="https://media3.giphy.com/media/BlVnrxJgTGsUw/200w.webp?cid=b430c6c65d1fd5ab4235317a36bfbd7c&rid=200w.webp"
              type="image/webp"
            />
            <img
              alt="happy george costanza GIF"
              height="242"
              src="https://media3.giphy.com/media/BlVnrxJgTGsUw/200w.gif?cid=b430c6c65d1fd5ab4235317a36bfbd7c&rid=200w.gif"
              style={
                Object {
                  "backgroundColor": "rgb(0, 204, 255)",
                }
              }
              width="200"
            />
          </picture>
          <div
            className="hover-overlay"
          >
            <h4
              className="gif-title"
            >
              happy george costanza GIF
            </h4>
            <span
              className="gif-time"
            >
              5 years ago
            </span>
          </div>
        </a>
      </div>
      <div
        className="gif-container"
        style={
          Object {
            "height": 0,
            "left": 420,
            "position": "absolute",
            "top": 10,
            "width": 200,
          }
        }
      >
        <a
          className="gif-container-link"
          href="/gif/5GoVLqeAOo6PK"
          onClick={[Function]}
        >
          <picture>
            <source
              srcSet="https://media3.giphy.com/media/5GoVLqeAOo6PK/200w.webp?cid=b430c6c65d1fd5ab4235317a36bfbd7c&rid=200w.webp"
              type="image/webp"
            />
            <img
              alt="happy jonah hill GIF"
              height="156"
              src="https://media3.giphy.com/media/5GoVLqeAOo6PK/200w.gif?cid=b430c6c65d1fd5ab4235317a36bfbd7c&rid=200w.gif"
              style={
                Object {
                  "backgroundColor": "rgb(255, 102, 102)",
                }
              }
              width="200"
            />
          </picture>
          <div
            className="hover-overlay"
          >
            <h4
              className="gif-title"
            >
              happy jonah hill GIF
            </h4>
            <span
              className="gif-time"
            >
              6 years ago
            </span>
          </div>
        </a>
      </div>
      <div
        className="gif-container"
        style={
          Object {
            "height": 0,
            "left": 630,
            "position": "absolute",
            "top": 10,
            "width": 200,
          }
        }
      >
        <a
          className="gif-container-link"
          href="/gif/hXCGdsSC3MKuqZv59G"
          onClick={[Function]}
        >
          <picture>
            <source
              srcSet="https://media0.giphy.com/media/hXCGdsSC3MKuqZv59G/200w.webp?cid=b430c6c65d1fd5ab4235317a36bfbd7c&rid=200w.webp"
              type="image/webp"
            />
            <img
              alt="good morning GIF"
              height="213"
              src="https://media0.giphy.com/media/hXCGdsSC3MKuqZv59G/200w.gif?cid=b430c6c65d1fd5ab4235317a36bfbd7c&rid=200w.gif"
              style={
                Object {
                  "backgroundColor": "rgb(255, 243, 92)",
                }
              }
              width="200"
            />
          </picture>
          <div
            className="hover-overlay"
          >
            <h4
              className="gif-title"
            >
              good morning GIF
            </h4>
            <span
              className="gif-time"
            >
              2 months ago
            </span>
          </div>
        </a>
      </div>
      <div
        className="gif-container"
        style={
          Object {
            "height": 0,
            "left": 0,
            "position": "absolute",
            "top": 30,
            "width": 200,
          }
        }
      >
        <a
          className="gif-container-link"
          href="/gif/l1rrKjeprm2VsbCc1w"
          onClick={[Function]}
        >
          <picture>
            <source
              srcSet="https://media0.giphy.com/media/l1rrKjeprm2VsbCc1w/200w.webp?cid=b430c6c65d1fd5ab4235317a36bfbd7c&rid=200w.webp"
              type="image/webp"
            />
            <img
              alt="car haters gonna hate GIF"
              height="202"
              src="https://media0.giphy.com/media/l1rrKjeprm2VsbCc1w/200w.gif?cid=b430c6c65d1fd5ab4235317a36bfbd7c&rid=200w.gif"
              style={
                Object {
                  "backgroundColor": "rgb(255, 102, 102)",
                }
              }
              width="200"
            />
          </picture>
          <div
            className="hover-overlay"
          >
            <h4
              className="gif-title"
            >
              car haters gonna hate GIF
            </h4>
            <span
              className="gif-time"
            >
              17 days ago
            </span>
          </div>
        </a>
      </div>
      <div
        className="gif-container"
        style={
          Object {
            "height": 0,
            "left": 210,
            "position": "absolute",
            "top": 30,
            "width": 200,
          }
        }
      >
        <a
          className="gif-container-link"
          href="/gif/pq2pU6B2Ht3pu"
          onClick={[Function]}
        >
          <picture>
            <source
              srcSet="https://media3.giphy.com/media/pq2pU6B2Ht3pu/200w.webp?cid=b430c6c65d1fd5ab4235317a36bfbd7c&rid=200w.webp"
              type="image/webp"
            />
            <img
              alt="oh hell no pokemon GIF"
              height="160"
              src="https://media3.giphy.com/media/pq2pU6B2Ht3pu/200w.gif?cid=b430c6c65d1fd5ab4235317a36bfbd7c&rid=200w.gif"
              style={
                Object {
                  "backgroundColor": "rgb(153, 251, 255)",
                }
              }
              width="200"
            />
          </picture>
          <div
            className="hover-overlay"
          >
            <h4
              className="gif-title"
            >
              oh hell no pokemon GIF
            </h4>
            <span
              className="gif-time"
            >
              5 years ago
            </span>
          </div>
        </a>
      </div>
      <div
        className="gif-container"
        style={
          Object {
            "height": 0,
            "left": 420,
            "position": "absolute",
            "top": 30,
            "width": 200,
          }
        }
      >
        <a
          className="gif-container-link"
          href="/gif/j6r2GQgUyqMQbnusWC"
          onClick={[Function]}
        >
          <picture>
            <source
              srcSet="https://media1.giphy.com/media/j6r2GQgUyqMQbnusWC/200w.webp?cid=b430c6c65d1fd5ab4235317a36bfbd7c&rid=200w.webp"
              type="image/webp"
            />
            <img
              alt="fail fathers day GIF by America's Funniest Home Videos"
              height="178"
              src="https://media1.giphy.com/media/j6r2GQgUyqMQbnusWC/200w.gif?cid=b430c6c65d1fd5ab4235317a36bfbd7c&rid=200w.gif"
              style={
                Object {
                  "backgroundColor": "rgb(0, 204, 255)",
                }
              }
              width="200"
            />
          </picture>
          <div
            className="hover-overlay"
          >
            <h4
              className="gif-title"
            >
              fail fathers day GIF by America's Funniest Home Videos
            </h4>
            <span
              className="gif-time"
            >
              29 days ago
            </span>
          </div>
        </a>
      </div>
      <div
        className="gif-container"
        style={
          Object {
            "height": 0,
            "left": 630,
            "position": "absolute",
            "top": 30,
            "width": 200,
          }
        }
      >
        <a
          className="gif-container-link"
          href="/gif/Tt9jctxaVjRny"
          onClick={[Function]}
        >
          <picture>
            <source
              srcSet="https://media1.giphy.com/media/Tt9jctxaVjRny/200w.webp?cid=b430c6c65d1fd5ab4235317a36bfbd7c&rid=200w.webp"
              type="image/webp"
            />
            <img
              alt="sarcastic willy wonka GIF"
              height="124"
              src="https://media1.giphy.com/media/Tt9jctxaVjRny/200w.gif?cid=b430c6c65d1fd5ab4235317a36bfbd7c&rid=200w.gif"
              style={
                Object {
                  "backgroundColor": "rgb(255, 243, 92)",
                }
              }
              width="200"
            />
          </picture>
          <div
            className="hover-overlay"
          >
            <h4
              className="gif-title"
            >
              sarcastic willy wonka GIF
            </h4>
            <span
              className="gif-time"
            >
              3 years ago
            </span>
          </div>
        </a>
      </div>
      <div
        className="gif-container"
        style={
          Object {
            "height": 0,
            "left": 0,
            "position": "absolute",
            "top": 60,
            "width": 200,
          }
        }
      >
        <a
          className="gif-container-link"
          href="/gif/IvjjgsEhnLCzm"
          onClick={[Function]}
        >
          <picture>
            <source
              srcSet="https://media1.giphy.com/media/IvjjgsEhnLCzm/200w.webp?cid=b430c6c65d1fd5ab4235317a36bfbd7c&rid=200w.webp"
              type="image/webp"
            />
            <img
              alt="relaxed r and r GIF"
              height="124"
              src="https://media1.giphy.com/media/IvjjgsEhnLCzm/200w.gif?cid=b430c6c65d1fd5ab4235317a36bfbd7c&rid=200w.gif"
              style={
                Object {
                  "backgroundColor": "rgb(255, 102, 102)",
                }
              }
              width="200"
            />
          </picture>
          <div
            className="hover-overlay"
          >
            <h4
              className="gif-title"
            >
              relaxed r and r GIF
            </h4>
            <span
              className="gif-time"
            >
              6 years ago
            </span>
          </div>
        </a>
      </div>
      <div
        className="gif-container"
        style={
          Object {
            "height": 0,
            "left": 630,
            "position": "absolute",
            "top": 50,
            "width": 200,
          }
        }
      >
        <a
          className="gif-container-link"
          href="/gif/xT5LMQ8W0ZyPOu4QJa"
          onClick={[Function]}
        >
          <picture>
            <source
              srcSet="https://media1.giphy.com/media/xT5LMQ8W0ZyPOu4QJa/200w.webp?cid=b430c6c65d1fd5ab4235317a36bfbd7c&rid=200w.webp"
              type="image/webp"
            />
            <img
              alt="sunny beach day GIF"
              height="155"
              src="https://media1.giphy.com/media/xT5LMQ8W0ZyPOu4QJa/200w.gif?cid=b430c6c65d1fd5ab4235317a36bfbd7c&rid=200w.gif"
              style={
                Object {
                  "backgroundColor": "rgb(0, 255, 153)",
                }
              }
              width="200"
            />
          </picture>
          <div
            className="hover-overlay"
          >
            <h4
              className="gif-title"
            >
              sunny beach day GIF
            </h4>
            <span
              className="gif-time"
            >
              3 years ago
            </span>
          </div>
        </a>
      </div>
      <div
        className="gif-container"
        style={
          Object {
            "height": 0,
            "left": 420,
            "position": "absolute",
            "top": 50,
            "width": 200,
          }
        }
      >
        <a
          className="gif-container-link"
          href="/gif/jqTOnv5NzWBLa"
          onClick={[Function]}
        >
          <picture>
            <source
              srcSet="https://media1.giphy.com/media/jqTOnv5NzWBLa/200w.webp?cid=b430c6c65d1fd5ab4235317a36bfbd7c&rid=200w.webp"
              type="image/webp"
            />
            <img
              alt="confused lizard GIF"
              height="197"
              src="https://media1.giphy.com/media/jqTOnv5NzWBLa/200w.gif?cid=b430c6c65d1fd5ab4235317a36bfbd7c&rid=200w.gif"
              style={
                Object {
                  "backgroundColor": "rgb(0, 204, 255)",
                }
              }
              width="200"
            />
          </picture>
          <div
            className="hover-overlay"
          >
            <h4
              className="gif-title"
            >
              confused lizard GIF
            </h4>
            <span
              className="gif-time"
            >
              5 years ago
            </span>
          </div>
        </a>
      </div>
      <div
        className="gif-container"
        style={
          Object {
            "height": 0,
            "left": 210,
            "position": "absolute",
            "top": 50,
            "width": 200,
          }
        }
      >
        <a
          className="gif-container-link"
          href="/gif/LXHJRRjnviw7e"
          onClick={[Function]}
        >
          <picture>
            <source
              srcSet="https://media1.giphy.com/media/LXHJRRjnviw7e/200w.webp?cid=b430c6c65d1fd5ab4235317a36bfbd7c&rid=200w.webp"
              type="image/webp"
            />
            <img
              alt="good patrick GIF by SpongeBob SquarePants"
              height="152"
              src="https://media1.giphy.com/media/LXHJRRjnviw7e/200w.gif?cid=b430c6c65d1fd5ab4235317a36bfbd7c&rid=200w.gif"
              style={
                Object {
                  "backgroundColor": "rgb(0, 204, 255)",
                }
              }
              width="200"
            />
          </picture>
          <div
            className="hover-overlay"
          >
            <h4
              className="gif-title"
            >
              good patrick GIF by SpongeBob SquarePants
            </h4>
            <span
              className="gif-time"
            >
              4 years ago
            </span>
          </div>
        </a>
      </div>
      <div
        className="gif-container"
        style={
          Object {
            "height": 0,
            "left": 0,
            "position": "absolute",
            "top": 50,
            "width": 200,
          }
        }
      >
        <a
          className="gif-container-link"
          href="/gif/9uIGv1IqFOdAu4qnjY"
          onClick={[Function]}
        >
          <picture>
            <source
              srcSet="https://media1.giphy.com/media/9uIGv1IqFOdAu4qnjY/200w.webp?cid=b430c6c65d1fd5ab4235317a36bfbd7c&rid=200w.webp"
              type="image/webp"
            />
            <img
              alt="swimsuit happy dance GIF by Target"
              height="200"
              src="https://media1.giphy.com/media/9uIGv1IqFOdAu4qnjY/200w.gif?cid=b430c6c65d1fd5ab4235317a36bfbd7c&rid=200w.gif"
              style={
                Object {
                  "backgroundColor": "rgb(153, 251, 255)",
                }
              }
              width="200"
            />
          </picture>
          <div
            className="hover-overlay"
          >
            <h4
              className="gif-title"
            >
              swimsuit happy dance GIF by Target
            </h4>
            <span
              className="gif-time"
            >
              4 months ago
            </span>
          </div>
        </a>
      </div>
      <div
        className="gif-container"
        style={
          Object {
            "height": 0,
            "left": 630,
            "position": "absolute",
            "top": 40,
            "width": 200,
          }
        }
      >
        <a
          className="gif-container-link"
          href="/gif/3oEduS7uQHMcdiUxA4"
          onClick={[Function]}
        >
          <picture>
            <source
              srcSet="https://media0.giphy.com/media/3oEduS7uQHMcdiUxA4/200w.webp?cid=b430c6c65d1fd5ab4235317a36bfbd7c&rid=200w.webp"
              type="image/webp"
            />
            <img
              alt="consoling black and white GIF by Warner Archive"
              height="150"
              src="https://media0.giphy.com/media/3oEduS7uQHMcdiUxA4/200w.gif?cid=b430c6c65d1fd5ab4235317a36bfbd7c&rid=200w.gif"
              style={
                Object {
                  "backgroundColor": "rgb(0, 204, 255)",
                }
              }
              width="200"
            />
          </picture>
          <div
            className="hover-overlay"
          >
            <h4
              className="gif-title"
            >
              consoling black and white GIF by Warner Archive
            </h4>
            <span
              className="gif-time"
            >
              4 years ago
            </span>
          </div>
        </a>
      </div>
      <div
        className="gif-container"
        style={
          Object {
            "height": 0,
            "left": 420,
            "position": "absolute",
            "top": 40,
            "width": 200,
          }
        }
      >
        <a
          className="gif-container-link"
          href="/gif/xUOxeQn7933BauvKg0"
          onClick={[Function]}
        >
          <picture>
            <source
              srcSet="https://media1.giphy.com/media/xUOxeQn7933BauvKg0/200w.webp?cid=b430c6c65d1fd5ab4235317a36bfbd7c&rid=200w.webp"
              type="image/webp"
            />
            <img
              alt="dog oh word GIF by Justin"
              height="201"
              src="https://media1.giphy.com/media/xUOxeQn7933BauvKg0/200w.gif?cid=b430c6c65d1fd5ab4235317a36bfbd7c&rid=200w.gif"
              style={
                Object {
                  "backgroundColor": "rgb(0, 255, 153)",
                }
              }
              width="200"
            />
          </picture>
          <div
            className="hover-overlay"
          >
            <h4
              className="gif-title"
            >
              dog oh word GIF by Justin
            </h4>
            <span
              className="gif-time"
            >
              2 years ago
            </span>
          </div>
        </a>
      </div>
      <div
        className="gif-container"
        style={
          Object {
            "height": 0,
            "left": 210,
            "position": "absolute",
            "top": 40,
            "width": 200,
          }
        }
      >
        <a
          className="gif-container-link"
          href="/gif/cO39srN2EUIRaVqaVq"
          onClick={[Function]}
        >
          <picture>
            <source
              srcSet="https://media2.giphy.com/media/cO39srN2EUIRaVqaVq/200w.webp?cid=b430c6c65d1fd5ab4235317a36bfbd7c&rid=200w.webp"
              type="image/webp"
            />
            <img
              alt="ha ha simpsons GIF"
              height="112"
              src="https://media2.giphy.com/media/cO39srN2EUIRaVqaVq/200w.gif?cid=b430c6c65d1fd5ab4235317a36bfbd7c&rid=200w.gif"
              style={
                Object {
                  "backgroundColor": "rgb(255, 243, 92)",
                }
              }
              width="200"
            />
          </picture>
          <div
            className="hover-overlay"
          >
            <h4
              className="gif-title"
            >
              ha ha simpsons GIF
            </h4>
            <span
              className="gif-time"
            >
              17 days ago
            </span>
          </div>
        </a>
      </div>
      <div
        className="gif-container"
        style={
          Object {
            "height": 0,
            "left": 0,
            "position": "absolute",
            "top": 40,
            "width": 200,
          }
        }
      >
        <a
          className="gif-container-link"
          href="/gif/94hqi5hBHu5W"
          onClick={[Function]}
        >
          <picture>
            <source
              srcSet="https://media0.giphy.com/media/94hqi5hBHu5W/200w.webp?cid=b430c6c65d1fd5ab4235317a36bfbd7c&rid=200w.webp"
              type="image/webp"
            />
            <img
              alt="interested peeping tom GIF"
              height="108"
              src="https://media0.giphy.com/media/94hqi5hBHu5W/200w.gif?cid=b430c6c65d1fd5ab4235317a36bfbd7c&rid=200w.gif"
              style={
                Object {
                  "backgroundColor": "rgb(153, 251, 255)",
                }
              }
              width="200"
            />
          </picture>
          <div
            className="hover-overlay"
          >
            <h4
              className="gif-title"
            >
              interested peeping tom GIF
            </h4>
            <span
              className="gif-time"
            >
              3 years ago
            </span>
          </div>
        </a>
      </div>
      <div
        className="gif-container"
        style={
          Object {
            "height": 0,
            "left": 630,
            "position": "absolute",
            "top": 20,
            "width": 200,
          }
        }
      >
        <a
          className="gif-container-link"
          href="/gif/cItz2xFnpeb5cXp3Gz"
          onClick={[Function]}
        >
          <picture>
            <source
              srcSet="https://media3.giphy.com/media/cItz2xFnpeb5cXp3Gz/200w.webp?cid=b430c6c65d1fd5ab4235317a36bfbd7c&rid=200w.webp"
              type="image/webp"
            />
            <img
              alt="touched aww GIF by Padma Lakshmi"
              height="150"
              src="https://media3.giphy.com/media/cItz2xFnpeb5cXp3Gz/200w.gif?cid=b430c6c65d1fd5ab4235317a36bfbd7c&rid=200w.gif"
              style={
                Object {
                  "backgroundColor": "rgb(255, 243, 92)",
                }
              }
              width="200"
            />
          </picture>
          <div
            className="hover-overlay"
          >
            <h4
              className="gif-title"
            >
              touched aww GIF by Padma Lakshmi
            </h4>
            <span
              className="gif-time"
            >
              a month ago
            </span>
          </div>
        </a>
      </div>
      <div
        className="gif-container"
        style={
          Object {
            "height": 0,
            "left": 420,
            "position": "absolute",
            "top": 20,
            "width": 200,
          }
        }
      >
        <a
          className="gif-container-link"
          href="/gif/3OCDbZ6p9EPtV5cb54"
          onClick={[Function]}
        >
          <picture>
            <source
              srcSet="https://media1.giphy.com/media/3OCDbZ6p9EPtV5cb54/200w.webp?cid=b430c6c65d1fd5ab4235317a36bfbd7c&rid=200w.webp"
              type="image/webp"
            />
            <img
              alt="happy high heels GIF by Hilbrand Bos Illustrator"
              height="200"
              src="https://media1.giphy.com/media/3OCDbZ6p9EPtV5cb54/200w.gif?cid=b430c6c65d1fd5ab4235317a36bfbd7c&rid=200w.gif"
              style={
                Object {
                  "backgroundColor": "rgb(0, 204, 255)",
                }
              }
              width="200"
            />
          </picture>
          <div
            className="hover-overlay"
          >
            <h4
              className="gif-title"
            >
              happy high heels GIF by Hilbrand Bos Illustrator
            </h4>
            <span
              className="gif-time"
            >
              4 months ago
            </span>
          </div>
        </a>
      </div>
      <div
        className="gif-container"
        style={
          Object {
            "height": 0,
            "left": 210,
            "position": "absolute",
            "top": 20,
            "width": 200,
          }
        }
      >
        <a
          className="gif-container-link"
          href="/gif/12W37klNpwdOgw"
          onClick={[Function]}
        >
          <picture>
            <source
              srcSet="https://media0.giphy.com/media/12W37klNpwdOgw/200w.webp?cid=b430c6c65d1fd5ab4235317a36bfbd7c&rid=200w.webp"
              type="image/webp"
            />
            <img
              alt="happy italian GIF"
              height="113"
              src="https://media0.giphy.com/media/12W37klNpwdOgw/200w.gif?cid=b430c6c65d1fd5ab4235317a36bfbd7c&rid=200w.gif"
              style={
                Object {
                  "backgroundColor": "rgb(255, 243, 92)",
                }
              }
              width="200"
            />
          </picture>
          <div
            className="hover-overlay"
          >
            <h4
              className="gif-title"
            >
              happy italian GIF
            </h4>
            <span
              className="gif-time"
            >
              4 years ago
            </span>
          </div>
        </a>
      </div>
      <div
        className="gif-container"
        style={
          Object {
            "height": 0,
            "left": 0,
            "position": "absolute",
            "top": 20,
            "width": 200,
          }
        }
      >
        <a
          className="gif-container-link"
          href="/gif/YWf50NNii3r4k"
          onClick={[Function]}
        >
          <picture>
            <source
              srcSet="https://media3.giphy.com/media/YWf50NNii3r4k/200w.webp?cid=b430c6c65d1fd5ab4235317a36bfbd7c&rid=200w.webp"
              type="image/webp"
            />
            <img
              alt="best gif funny memes GIF"
              height="112"
              src="https://media3.giphy.com/media/YWf50NNii3r4k/200w.gif?cid=b430c6c65d1fd5ab4235317a36bfbd7c&rid=200w.gif"
              style={
                Object {
                  "backgroundColor": "rgb(255, 243, 92)",
                }
              }
              width="200"
            />
          </picture>
          <div
            className="hover-overlay"
          >
            <h4
              className="gif-title"
            >
              best gif funny memes GIF
            </h4>
            <span
              className="gif-time"
            >
              3 years ago
            </span>
          </div>
        </a>
      </div>
    </div>
  </div>
</div>
`;

exports[`renders without gifs 1`] = `null`;
