// Jest Snapshot v1, https://goo.gl/fbAQLP

exports[`renders with gifs 1`] = `
<div
  style={
    Object {
      "overflow": "visible",
      "width": 0,
    }
  }
>
  <div
    className="ReactVirtualized__Masonry"
    onScroll={[Function]}
    role="grid"
    style={
      Object {
        "WebkitOverflowScrolling": "touch",
        "boxSizing": "border-box",
        "direction": "ltr",
        "height": "auto",
        "overflowX": "hidden",
        "overflowY": "auto",
        "position": "relative",
        "width": 0,
        "willChange": "transform",
      }
    }
    tabIndex={0}
  >
    <div
      className="ReactVirtualized__Masonry__innerScrollContainer"
      style={
        Object {
          "height": 5000,
          "maxHeight": 5000,
          "maxWidth": "100%",
          "overflow": "hidden",
          "pointerEvents": "",
          "position": "relative",
          "width": "100%",
        }
      }
    />
  </div>
</div>
`;

exports[`renders without gifs 1`] = `
<div>
  There are no results to show
</div>
`;
